
> @onegenui/web-search@0.1.0 build /Users/giulioleone/Sviluppo/genUi/json-render/packages/web-search
> tsup

CLI Building entry: src/index.ts
CLI Using tsconfig: tsconfig.json
CLI tsup v8.5.1
CLI Using tsup config: /Users/giulioleone/Sviluppo/genUi/json-render/packages/web-search/tsup.config.ts
CLI Target: es2022
CLI Cleaning output folder
CJS Build start
ESM Build start
CJS dist/index.js     57.43 KB
CJS dist/index.js.map 120.89 KB
CJS ⚡️ Build success in 15ms
ESM dist/image-validator-UGIVQ6LF.mjs     371.00 B
ESM dist/index.mjs                        48.18 KB
ESM dist/chunk-NDPPPUDM.mjs               3.97 KB
ESM dist/image-validator-UGIVQ6LF.mjs.map 71.00 B
ESM dist/index.mjs.map                    110.62 KB
ESM dist/chunk-NDPPPUDM.mjs.map           9.08 KB
ESM ⚡️ Build success in 15ms
DTS Build start
DTS ⚡️ Build success in 922ms
DTS dist/index.d.ts  25.50 KB
DTS dist/index.d.mts 25.50 KB
